// Vitest Snapshot v1, https://vitest.dev/guide/snapshot.html

exports[`norbix schema > is stable (snapshot of ids, flags and markers) 1`] = `
[
  {
    "args": [],
    "destructive": false,
    "flags": [
      "type:string",
      "return-url:string",
    ],
    "id": "account billing-portal",
    "supportsDryRun": false,
  },
  {
    "args": [],
    "destructive": false,
    "flags": [],
    "id": "account me",
    "supportsDryRun": false,
  },
  {
    "args": [
      "[phone]",
    ],
    "destructive": false,
    "flags": [
      "dry-run:boolean",
      "clear:boolean",
    ],
    "id": "account me set-phone",
    "supportsDryRun": true,
  },
  {
    "args": [],
    "destructive": false,
    "flags": [],
    "id": "account profile",
    "supportsDryRun": false,
  },
  {
    "args": [],
    "destructive": false,
    "flags": [],
    "id": "account projects",
    "supportsDryRun": false,
  },
  {
    "args": [],
    "destructive": false,
    "flags": [],
    "id": "account regions",
    "supportsDryRun": false,
  },
  {
    "args": [],
    "destructive": false,
    "flags": [],
    "id": "account status",
    "supportsDryRun": false,
  },
  {
    "args": [],
    "destructive": false,
    "flags": [
      "in-project:string",
      "include-owner:boolean",
      "page-size:string",
      "after:string",
      "before:string",
    ],
    "id": "account team",
    "supportsDryRun": false,
  },
  {
    "args": [],
    "destructive": false,
    "flags": [],
    "id": "account usage",
    "supportsDryRun": false,
  },
  {
    "args": [],
    "destructive": false,
    "flags": [
      "dry-run:boolean",
      "target:option",
      "force:boolean",
      "dir:string",
    ],
    "id": "ai init",
    "supportsDryRun": true,
  },
  {
    "args": [
      "id",
    ],
    "destructive": false,
    "flags": [],
    "id": "ai llm",
    "supportsDryRun": false,
  },
  {
    "args": [
      "id",
    ],
    "destructive": false,
    "flags": [
      "dry-run:boolean",
    ],
    "id": "ai llm default",
    "supportsDryRun": true,
  },
  {
    "args": [
      "id",
    ],
    "destructive": true,
    "flags": [
      "yes:boolean",
      "dry-run:boolean",
    ],
    "id": "ai llm delete",
    "supportsDryRun": true,
  },
  {
    "args": [
      "id",
    ],
    "destructive": true,
    "flags": [
      "yes:boolean",
      "dry-run:boolean",
    ],
    "id": "ai llm disable",
    "supportsDryRun": true,
  },
  {
    "args": [
      "id",
    ],
    "destructive": false,
    "flags": [
      "dry-run:boolean",
    ],
    "id": "ai llm enable",
    "supportsDryRun": true,
  },
  {
    "args": [],
    "destructive": false,
    "flags": [
      "dry-run:boolean",
      "provider:option",
      "name:string",
      "id:string",
      "endpoint:string",
      "model:string",
      "default:boolean",
      "disabled:boolean",
      "config:string",
    ],
    "id": "ai llm save",
    "supportsDryRun": true,
  },
  {
    "args": [
      "id",
    ],
    "destructive": false,
    "flags": [
      "dry-run:boolean",
    ],
    "id": "ai llm test",
    "supportsDryRun": true,
  },
  {
    "args": [],
    "destructive": false,
    "flags": [
      "page-size:string",
      "after:string",
    ],
    "id": "ai llms",
    "supportsDryRun": false,
  },
  {
    "args": [
      "id",
    ],
    "destructive": false,
    "flags": [],
    "id": "ai mcp",
    "supportsDryRun": false,
  },
  {
    "args": [
      "id",
    ],
    "destructive": true,
    "flags": [
      "yes:boolean",
      "dry-run:boolean",
    ],
    "id": "ai mcp delete",
    "supportsDryRun": true,
  },
  {
    "args": [
      "id",
    ],
    "destructive": true,
    "flags": [
      "yes:boolean",
      "dry-run:boolean",
    ],
    "id": "ai mcp disable",
    "supportsDryRun": true,
  },
  {
    "args": [
      "id",
    ],
    "destructive": false,
    "flags": [
      "dry-run:boolean",
    ],
    "id": "ai mcp enable",
    "supportsDryRun": true,
  },
  {
    "args": [],
    "destructive": false,
    "flags": [
      "dry-run:boolean",
      "provider:option",
      "name:string",
      "id:string",
      "server-name:string",
      "category:string",
      "description:string",
      "icon:string",
      "disabled:boolean",
      "config:string",
    ],
    "id": "ai mcp save",
    "supportsDryRun": true,
  },
  {
    "args": [
      "id",
    ],
    "destructive": false,
    "flags": [
      "dry-run:boolean",
    ],
    "id": "ai mcp test",
    "supportsDryRun": true,
  },
  {
    "args": [],
    "destructive": false,
    "flags": [
      "page-size:string",
      "after:string",
    ],
    "id": "ai mcps",
    "supportsDryRun": false,
  },
  {
    "args": [],
    "destructive": false,
    "flags": [
      "env:string",
      "dry-run:boolean",
      "name:string",
      "reach:option",
      "rights:option",
    ],
    "id": "ai service-user create",
    "supportsDryRun": true,
  },
  {
    "args": [
      "id",
    ],
    "destructive": true,
    "flags": [
      "yes:boolean",
      "dry-run:boolean",
    ],
    "id": "ai service-user delete",
    "supportsDryRun": true,
  },
  {
    "args": [
      "id",
      "keyId",
    ],
    "destructive": true,
    "flags": [
      "yes:boolean",
      "dry-run:boolean",
    ],
    "id": "ai service-user revoke-key",
    "supportsDryRun": true,
  },
  {
    "args": [
      "id",
    ],
    "destructive": false,
    "flags": [
      "dry-run:boolean",
      "revoke:string",
    ],
    "id": "ai service-user rotate-key",
    "supportsDryRun": true,
  },
  {
    "args": [],
    "destructive": false,
    "flags": [],
    "id": "ai service-users",
    "supportsDryRun": false,
  },
  {
    "args": [],
    "destructive": true,
    "flags": [
      "yes:boolean",
      "dry-run:boolean",
      "body:string",
    ],
    "id": "api",
    "supportsDryRun": true,
  },
  {
    "args": [
      "serviceUserId",
    ],
    "destructive": false,
    "flags": [
      "dry-run:boolean",
    ],
    "id": "apikeys create",
    "supportsDryRun": true,
  },
  {
    "args": [],
    "destructive": false,
    "flags": [],
    "id": "apikeys list",
    "supportsDryRun": false,
  },
  {
    "args": [
      "serviceUserId",
      "keyId",
    ],
    "destructive": true,
    "flags": [
      "yes:boolean",
      "dry-run:boolean",
    ],
    "id": "apikeys regenerate",
    "supportsDryRun": true,
  },
  {
    "args": [
      "serviceUserId",
      "keyId",
    ],
    "destructive": true,
    "flags": [
      "yes:boolean",
      "dry-run:boolean",
    ],
    "id": "apikeys revoke",
    "supportsDryRun": true,
  },
  {
    "args": [
      "key",
    ],
    "destructive": false,
    "flags": [],
    "id": "config get",
    "supportsDryRun": false,
  },
  {
    "args": [],
    "destructive": false,
    "flags": [],
    "id": "config list",
    "supportsDryRun": false,
  },
  {
    "args": [
      "key",
      "value",
    ],
    "destructive": false,
    "flags": [
      "dry-run:boolean",
    ],
    "id": "config set",
    "supportsDryRun": true,
  },
  {
    "args": [
      "key",
    ],
    "destructive": false,
    "flags": [
      "dry-run:boolean",
    ],
    "id": "config unset",
    "supportsDryRun": true,
  },
  {
    "args": [],
    "destructive": false,
    "flags": [
      "api-url:string",
      "hub-url:string",
    ],
    "id": "configure",
    "supportsDryRun": false,
  },
  {
    "args": [
      "collection",
    ],
    "destructive": false,
    "flags": [
      "pipeline:string",
      "id:string",
      "tokens:string",
    ],
    "id": "db aggregate",
    "supportsDryRun": false,
  },
  {
    "args": [],
    "destructive": false,
    "flags": [
      "schema:string",
    ],
    "id": "db aggregates",
    "supportsDryRun": false,
  },
  {
    "args": [
      "collection",
      "id",
    ],
    "destructive": false,
    "flags": [
      "dry-run:boolean",
      "integration:string",
      "user:string",
    ],
    "id": "db change-owner",
    "supportsDryRun": true,
  },
  {
    "args": [
      "collection",
    ],
    "destructive": false,
    "flags": [
      "filter:string",
    ],
    "id": "db count",
    "supportsDryRun": false,
  },
  {
    "args": [
      "collection",
    ],
    "destructive": true,
    "flags": [
      "id:string",
      "filter:string",
      "many:boolean",
      "all:boolean",
      "yes:boolean",
      "dry-run:boolean",
    ],
    "id": "db delete",
    "supportsDryRun": true,
  },
  {
    "args": [
      "collection",
      "field",
    ],
    "destructive": false,
    "flags": [
      "filter:string",
    ],
    "id": "db distinct",
    "supportsDryRun": false,
  },
  {
    "args": [
      "collection",
    ],
    "destructive": false,
    "flags": [
      "filter:string",
      "page-size:string",
      "after:string",
      "before:string",
      "expand:boolean",
    ],
    "id": "db find",
    "supportsDryRun": false,
  },
  {
    "args": [
      "collection",
      "id",
    ],
    "destructive": false,
    "flags": [
      "expand:boolean",
    ],
    "id": "db get",
    "supportsDryRun": false,
  },
  {
    "args": [
      "collection",
    ],
    "destructive": false,
    "flags": [
      "integration:string",
    ],
    "id": "db indexes",
    "supportsDryRun": false,
  },
  {
    "args": [
      "collection",
    ],
    "destructive": false,
    "flags": [
      "dry-run:boolean",
      "doc:string",
    ],
    "id": "db insert",
    "supportsDryRun": true,
  },
  {
    "args": [
      "collection",
    ],
    "destructive": false,
    "flags": [
      "dry-run:boolean",
      "docs:string",
    ],
    "id": "db insert-many",
    "supportsDryRun": true,
  },
  {
    "args": [
      "id",
    ],
    "destructive": false,
    "flags": [],
    "id": "db integration",
    "supportsDryRun": false,
  },
  {
    "args": [
      "id",
    ],
    "destructive": false,
    "flags": [
      "dry-run:boolean",
    ],
    "id": "db integration default",
    "supportsDryRun": true,
  },
  {
    "args": [
      "id",
    ],
    "destructive": false,
    "flags": [],
    "id": "db integration test",
    "supportsDryRun": false,
  },
  {
    "args": [],
    "destructive": false,
    "flags": [
      "page-size:string",
      "after:string",
      "before:string",
    ],
    "id": "db integrations",
    "supportsDryRun": false,
  },
  {
    "args": [
      "collection",
    ],
    "destructive": false,
    "flags": [
      "dry-run:boolean",
      "id:string",
      "doc:string",
    ],
    "id": "db replace",
    "supportsDryRun": true,
  },
  {
    "args": [
      "id",
    ],
    "destructive": false,
    "flags": [],
    "id": "db schema",
    "supportsDryRun": false,
  },
  {
    "args": [],
    "destructive": false,
    "flags": [
      "dry-run:boolean",
      "name:string",
      "file:string",
      "ui-file:string",
      "settings:string",
    ],
    "id": "db schema create",
    "supportsDryRun": true,
  },
  {
    "args": [
      "id",
    ],
    "destructive": true,
    "flags": [
      "yes:boolean",
      "dry-run:boolean",
    ],
    "id": "db schema delete",
    "supportsDryRun": true,
  },
  {
    "args": [
      "id",
    ],
    "destructive": false,
    "flags": [
      "from:string",
      "to:string",
    ],
    "id": "db schema diff",
    "supportsDryRun": false,
  },
  {
    "args": [
      "id",
    ],
    "destructive": true,
    "flags": [
      "yes:boolean",
      "dry-run:boolean",
    ],
    "id": "db schema discard",
    "supportsDryRun": true,
  },
  {
    "args": [
      "id",
    ],
    "destructive": false,
    "flags": [],
    "id": "db schema draft",
    "supportsDryRun": false,
  },
  {
    "args": [
      "id",
    ],
    "destructive": true,
    "flags": [
      "yes:boolean",
      "dry-run:boolean",
    ],
    "id": "db schema publish",
    "supportsDryRun": true,
  },
  {
    "args": [
      "id",
    ],
    "destructive": false,
    "flags": [
      "dry-run:boolean",
      "file:string",
      "ui-file:string",
    ],
    "id": "db schema update",
    "supportsDryRun": true,
  },
  {
    "args": [
      "id",
    ],
    "destructive": false,
    "flags": [],
    "id": "db schema versions",
    "supportsDryRun": false,
  },
  {
    "args": [],
    "destructive": false,
    "flags": [
      "page-size:string",
      "after:string",
    ],
    "id": "db schemas",
    "supportsDryRun": false,
  },
  {
    "args": [],
    "destructive": true,
    "flags": [
      "yes:boolean",
      "dry-run:boolean",
      "integration:string",
      "collections:string",
      "mode:option",
    ],
    "id": "db seed",
    "supportsDryRun": true,
  },
  {
    "args": [],
    "destructive": false,
    "flags": [
      "page-size:string",
      "after:string",
    ],
    "id": "db taxonomies",
    "supportsDryRun": false,
  },
  {
    "args": [
      "id",
    ],
    "destructive": false,
    "flags": [],
    "id": "db taxonomy",
    "supportsDryRun": false,
  },
  {
    "args": [
      "taxonomyId",
      "id",
    ],
    "destructive": false,
    "flags": [
      "integration:string",
    ],
    "id": "db term",
    "supportsDryRun": false,
  },
  {
    "args": [
      "taxonomyId",
    ],
    "destructive": false,
    "flags": [
      "dry-run:boolean",
      "integration:string",
      "doc:string",
    ],
    "id": "db term create",
    "supportsDryRun": true,
  },
  {
    "args": [
      "taxonomyId",
      "id",
    ],
    "destructive": true,
    "flags": [
      "yes:boolean",
      "dry-run:boolean",
      "integration:string",
    ],
    "id": "db term delete",
    "supportsDryRun": true,
  },
  {
    "args": [
      "taxonomy",
    ],
    "destructive": false,
    "flags": [
      "integration:string",
      "root:string",
      "depth:string",
      "merged:boolean",
    ],
    "id": "db term tree",
    "supportsDryRun": false,
  },
  {
    "args": [
      "taxonomyId",
      "id",
    ],
    "destructive": false,
    "flags": [
      "dry-run:boolean",
      "integration:string",
      "set:string",
    ],
    "id": "db term update",
    "supportsDryRun": true,
  },
  {
    "args": [
      "taxonomy",
    ],
    "destructive": false,
    "flags": [
      "integration:string",
      "filter:string",
      "parent:string",
      "page-size:string",
      "after:string",
      "before:string",
      "desc:boolean",
    ],
    "id": "db terms",
    "supportsDryRun": false,
  },
  {
    "args": [
      "id",
    ],
    "destructive": false,
    "flags": [
      "schema:string",
    ],
    "id": "db trigger",
    "supportsDryRun": false,
  },
  {
    "args": [],
    "destructive": false,
    "flags": [
      "dry-run:boolean",
      "file:string",
      "schema:string",
      "id:string",
    ],
    "id": "db trigger create",
    "supportsDryRun": true,
  },
  {
    "args": [
      "id",
    ],
    "destructive": true,
    "flags": [
      "yes:boolean",
      "dry-run:boolean",
      "schema:string",
    ],
    "id": "db trigger delete",
    "supportsDryRun": true,
  },
  {
    "args": [
      "id",
    ],
    "destructive": true,
    "flags": [
      "yes:boolean",
      "dry-run:boolean",
      "schema:string",
    ],
    "id": "db trigger disable",
    "supportsDryRun": true,
  },
  {
    "args": [
      "id",
    ],
    "destructive": false,
    "flags": [
      "dry-run:boolean",
      "schema:string",
    ],
    "id": "db trigger enable",
    "supportsDryRun": true,
  },
  {
    "args": [],
    "destructive": false,
    "flags": [
      "schema:string",
      "page-size:string",
      "after:string",
      "before:string",
    ],
    "id": "db triggers",
    "supportsDryRun": false,
  },
  {
    "args": [
      "collection",
    ],
    "destructive": true,
    "flags": [
      "id:string",
      "filter:string",
      "update:string",
      "many:boolean",
      "all:boolean",
      "array-filters:string",
      "yes:boolean",
      "dry-run:boolean",
    ],
    "id": "db update",
    "supportsDryRun": true,
  },
  {
    "args": [
      "id",
    ],
    "destructive": false,
    "flags": [
      "dry-run:boolean",
    ],
    "id": "email archive",
    "supportsDryRun": true,
  },
  {
    "args": [
      "id",
    ],
    "destructive": false,
    "flags": [
      "stats:boolean",
    ],
    "id": "email campaign",
    "supportsDryRun": false,
  },
  {
    "args": [
      "id",
      "batchId",
      "[notificationId]",
    ],
    "destructive": false,
    "flags": [
      "database-integration:string",
      "page-size:string",
      "after:string",
    ],
    "id": "email campaign batch",
    "supportsDryRun": false,
  },
  {
    "args": [
      "id",
    ],
    "destructive": false,
    "flags": [
      "batch:string",
      "email:string",
      "database-integration:string",
      "page-size:string",
      "after:string",
    ],
    "id": "email campaign batches",
    "supportsDryRun": false,
  },
  {
    "args": [],
    "destructive": false,
    "flags": [
      "dry-run:boolean",
      "template:string",
      "audience:option",
      "user:string",
      "email:string",
      "cc:string",
      "bcc:string",
      "one-each:boolean",
      "role:string",
      "tag:string",
      "schema:string",
      "field:string",
      "field-type:option",
      "integration:string",
      "validation-integration:string",
      "language:string",
      "initiator:string",
      "notes:string",
      "at:string",
      "token:string",
      "database-integration:string",
      "config:string",
    ],
    "id": "email campaign create",
    "supportsDryRun": true,
  },
  {
    "args": [
      "id",
    ],
    "destructive": true,
    "flags": [
      "yes:boolean",
      "dry-run:boolean",
    ],
    "id": "email campaign delete",
    "supportsDryRun": true,
  },
  {
    "args": [
      "id",
    ],
    "destructive": false,
    "flags": [
      "batch:string",
      "database-integration:string",
      "page-size:string",
      "after:string",
    ],
    "id": "email campaign messages",
    "supportsDryRun": false,
  },
  {
    "args": [],
    "destructive": false,
    "flags": [
      "page-size:string",
      "after:string",
    ],
    "id": "email campaigns",
    "supportsDryRun": false,
  },
  {
    "args": [
      "id",
    ],
    "destructive": false,
    "flags": [
      "dry-run:boolean",
    ],
    "id": "email clone",
    "supportsDryRun": true,
  },
  {
    "args": [
      "id",
    ],
    "destructive": true,
    "flags": [
      "yes:boolean",
      "dry-run:boolean",
    ],
    "id": "email delete",
    "supportsDryRun": true,
  },
  {
    "args": [],
    "destructive": true,
    "flags": [
      "yes:boolean",
      "dry-run:boolean",
    ],
    "id": "email disable",
    "supportsDryRun": true,
  },
  {
    "args": [],
    "destructive": false,
    "flags": [],
    "id": "email disable-dependencies",
    "supportsDryRun": false,
  },
  {
    "args": [],
    "destructive": false,
    "flags": [
      "dry-run:boolean",
    ],
    "id": "email enable",
    "supportsDryRun": true,
  },
  {
    "args": [
      "id",
    ],
    "destructive": false,
    "flags": [],
    "id": "email footer",
    "supportsDryRun": false,
  },
  {
    "args": [
      "id",
    ],
    "destructive": true,
    "flags": [
      "yes:boolean",
      "dry-run:boolean",
    ],
    "id": "email footer delete",
    "supportsDryRun": true,
  },
  {
    "args": [],
    "destructive": false,
    "flags": [
      "dry-run:boolean",
      "name:string",
      "id:string",
      "language:string",
      "content:string",
      "content-file:string",
      "translations:string",
    ],
    "id": "email footer save",
    "supportsDryRun": true,
  },
  {
    "args": [],
    "destructive": false,
    "flags": [
      "page-size:string",
      "after:string",
    ],
    "id": "email footers",
    "supportsDryRun": false,
  },
  {
    "args": [
      "id",
    ],
    "destructive": false,
    "flags": [],
    "id": "email integration",
    "supportsDryRun": false,
  },
  {
    "args": [
      "id",
    ],
    "destructive": false,
    "flags": [
      "dry-run:boolean",
    ],
    "id": "email integration confirm-delivery",
    "supportsDryRun": true,
  },
  {
    "args": [
      "id",
    ],
    "destructive": false,
    "flags": [
      "dry-run:boolean",
    ],
    "id": "email integration default",
    "supportsDryRun": true,
  },
  {
    "args": [
      "id",
    ],
    "destructive": true,
    "flags": [
      "yes:boolean",
      "dry-run:boolean",
    ],
    "id": "email integration delete",
    "supportsDryRun": true,
  },
  {
    "args": [
      "id",
    ],
    "destructive": true,
    "flags": [
      "yes:boolean",
      "dry-run:boolean",
    ],
    "id": "email integration disable",
    "supportsDryRun": true,
  },
  {
    "args": [
      "id",
    ],
    "destructive": false,
    "flags": [],
    "id": "email integration domain-health",
    "supportsDryRun": false,
  },
  {
    "args": [
      "id",
    ],
    "destructive": false,
    "flags": [
      "dry-run:boolean",
    ],
    "id": "email integration enable",
    "supportsDryRun": true,
  },
  {
    "args": [],
    "destructive": false,
    "flags": [
      "dry-run:boolean",
      "provider:option",
      "name:string",
      "id:string",
      "from:string",
      "sender-name:string",
      "disabled:boolean",
      "config:string",
    ],
    "id": "email integration save",
    "supportsDryRun": true,
  },
  {
    "args": [],
    "destructive": false,
    "flags": [
      "dry-run:boolean",
      "integration:string",
      "to:string",
    ],
    "id": "email integration test",
    "supportsDryRun": true,
  },
  {
    "args": [],
    "destructive": false,
    "flags": [
      "page-size:string",
      "after:string",
    ],
    "id": "email integrations",
    "supportsDryRun": false,
  },
  {
    "args": [
      "[hash]",
    ],
    "destructive": false,
    "flags": [
      "hash:string",
      "notification:string",
    ],
    "id": "email preview",
    "supportsDryRun": false,
  },
  {
    "args": [],
    "destructive": false,
    "flags": [
      "id:string",
    ],
    "id": "email settings",
    "supportsDryRun": false,
  },
  {
    "args": [
      "id",
    ],
    "destructive": false,
    "flags": [],
    "id": "email signature",
    "supportsDryRun": false,
  },
  {
    "args": [
      "id",
    ],
    "destructive": true,
    "flags": [
      "yes:boolean",
      "dry-run:boolean",
    ],
    "id": "email signature delete",
    "supportsDryRun": true,
  },
  {
    "args": [],
    "destructive": false,
    "flags": [
      "dry-run:boolean",
      "name:string",
      "id:string",
      "language:string",
      "content:string",
      "content-file:string",
      "translations:string",
    ],
    "id": "email signature save",
    "supportsDryRun": true,
  },
  {
    "args": [],
    "destructive": false,
    "flags": [
      "page-size:string",
      "after:string",
    ],
    "id": "email signatures",
    "supportsDryRun": false,
  },
  {
    "args": [
      "id",
    ],
    "destructive": true,
    "flags": [
      "yes:boolean",
      "dry-run:boolean",
    ],
    "id": "email stop",
    "supportsDryRun": true,
  },
  {
    "args": [
      "id",
    ],
    "destructive": false,
    "flags": [],
    "id": "email system-template",
    "supportsDryRun": false,
  },
  {
    "args": [],
    "destructive": false,
    "flags": [
      "tag:string",
      "theme:string",
      "channel:option",
      "trigger:option",
      "page-size:string",
      "after:string",
    ],
    "id": "email system-templates",
    "supportsDryRun": false,
  },
  {
    "args": [
      "id",
    ],
    "destructive": false,
    "flags": [],
    "id": "email template",
    "supportsDryRun": false,
  },
  {
    "args": [
      "id",
    ],
    "destructive": false,
    "flags": [
      "dry-run:boolean",
      "file-ref:string",
      "language:string",
    ],
    "id": "email template attach",
    "supportsDryRun": true,
  },
  {
    "args": [],
    "destructive": false,
    "flags": [
      "dry-run:boolean",
      "name:string",
      "description:string",
      "channel:option",
      "tag:string",
      "language:string",
      "subject:string",
      "body:string",
      "body-file:string",
      "engine:option",
      "translations:string",
    ],
    "id": "email template create",
    "supportsDryRun": true,
  },
  {
    "args": [],
    "destructive": false,
    "flags": [
      "code:string",
      "file:string",
      "token:string",
      "preview:boolean",
    ],
    "id": "email template render",
    "supportsDryRun": false,
  },
  {
    "args": [
      "id",
    ],
    "destructive": false,
    "flags": [],
    "id": "email template tokens",
    "supportsDryRun": false,
  },
  {
    "args": [
      "id",
    ],
    "destructive": false,
    "flags": [
      "dry-run:boolean",
      "name:string",
      "description:string",
      "channel:option",
      "tag:string",
      "language:string",
      "subject:string",
      "body:string",
      "body-file:string",
      "engine:option",
      "translations:string",
    ],
    "id": "email template update",
    "supportsDryRun": true,
  },
  {
    "args": [],
    "destructive": false,
    "flags": [
      "archived:boolean",
    ],
    "id": "email templates",
    "supportsDryRun": false,
  },
  {
    "args": [
      "id",
    ],
    "destructive": false,
    "flags": [
      "dry-run:boolean",
    ],
    "id": "email unarchive",
    "supportsDryRun": true,
  },
  {
    "args": [],
    "destructive": false,
    "flags": [
      "dry-run:boolean",
      "provider:option",
      "name:string",
      "id:string",
      "disabled:boolean",
      "config:string",
    ],
    "id": "email validation save",
    "supportsDryRun": true,
  },
  {
    "args": [
      "id",
    ],
    "destructive": false,
    "flags": [
      "dry-run:boolean",
    ],
    "id": "email validation test",
    "supportsDryRun": true,
  },
  {
    "args": [
      "name",
    ],
    "destructive": true,
    "flags": [
      "yes:boolean",
      "dry-run:boolean",
    ],
    "id": "env delete",
    "supportsDryRun": true,
  },
  {
    "args": [],
    "destructive": false,
    "flags": [],
    "id": "env list",
    "supportsDryRun": false,
  },
  {
    "args": [
      "name",
    ],
    "destructive": false,
    "flags": [
      "dry-run:boolean",
    ],
    "id": "env use",
    "supportsDryRun": true,
  },
  {
    "args": [
      "remote",
    ],
    "destructive": true,
    "flags": [
      "integration:string",
      "yes:boolean",
      "dry-run:boolean",
    ],
    "id": "files delete",
    "supportsDryRun": true,
  },
  {
    "args": [
      "remote",
      "[file]",
    ],
    "destructive": false,
    "flags": [
      "integration:string",
    ],
    "id": "files download",
    "supportsDryRun": false,
  },
  {
    "args": [
      "id",
    ],
    "destructive": false,
    "flags": [
      "integration:string",
    ],
    "id": "files get-by-id",
    "supportsDryRun": false,
  },
  {
    "args": [
      "remote",
    ],
    "destructive": false,
    "flags": [
      "integration:string",
    ],
    "id": "files info",
    "supportsDryRun": false,
  },
  {
    "args": [
      "id",
    ],
    "destructive": false,
    "flags": [],
    "id": "files integrations test",
    "supportsDryRun": false,
  },
  {
    "args": [
      "[path]",
    ],
    "destructive": false,
    "flags": [
      "integration:string",
    ],
    "id": "files list",
    "supportsDryRun": false,
  },
  {
    "args": [
      "remote",
    ],
    "destructive": false,
    "flags": [
      "dry-run:boolean",
      "folder:boolean",
      "integration:string",
    ],
    "id": "files publish",
    "supportsDryRun": true,
  },
  {
    "args": [
      "remote",
    ],
    "destructive": false,
    "flags": [
      "integration:string",
      "expires:string",
    ],
    "id": "files sign",
    "supportsDryRun": false,
  },
  {
    "args": [
      "remote",
    ],
    "destructive": false,
    "flags": [
      "dry-run:boolean",
      "folder:boolean",
      "integration:string",
    ],
    "id": "files unpublish",
    "supportsDryRun": true,
  },
  {
    "args": [
      "file",
      "[remote]",
    ],
    "destructive": false,
    "flags": [
      "dry-run:boolean",
      "integration:string",
      "content-type:string",
    ],
    "id": "files upload",
    "supportsDryRun": true,
  },
  {
    "args": [],
    "destructive": true,
    "flags": [
      "yes:boolean",
      "dry-run:boolean",
      "body:string",
    ],
    "id": "hub",
    "supportsDryRun": true,
  },
  {
    "args": [
      "module",
    ],
    "destructive": false,
    "flags": [],
    "id": "integrations",
    "supportsDryRun": false,
  },
  {
    "args": [],
    "destructive": false,
    "flags": [
      "api-url:string",
      "hub-url:string",
    ],
    "id": "login",
    "supportsDryRun": false,
  },
  {
    "args": [],
    "destructive": false,
    "flags": [
      "dry-run:boolean",
    ],
    "id": "logout",
    "supportsDryRun": true,
  },
  {
    "args": [],
    "destructive": false,
    "flags": [
      "level:string",
      "module:string",
      "search:string",
      "event-code:string",
      "correlation:string",
      "from:string",
      "to:string",
      "page-size:string",
      "after:string",
    ],
    "id": "logs list",
    "supportsDryRun": false,
  },
  {
    "args": [],
    "destructive": false,
    "flags": [],
    "id": "logs settings",
    "supportsDryRun": false,
  },
  {
    "args": [
      "correlationId",
    ],
    "destructive": false,
    "flags": [],
    "id": "logs trail",
    "supportsDryRun": false,
  },
  {
    "args": [
      "action",
      "name",
    ],
    "destructive": true,
    "flags": [
      "yes:boolean",
      "dry-run:boolean",
    ],
    "id": "module",
    "supportsDryRun": true,
  },
  {
    "args": [
      "id",
    ],
    "destructive": true,
    "flags": [
      "yes:boolean",
      "dry-run:boolean",
    ],
    "id": "payments disable",
    "supportsDryRun": true,
  },
  {
    "args": [
      "id",
    ],
    "destructive": false,
    "flags": [
      "dry-run:boolean",
    ],
    "id": "payments enable",
    "supportsDryRun": true,
  },
  {
    "args": [],
    "destructive": false,
    "flags": [],
    "id": "payments integrations",
    "supportsDryRun": false,
  },
  {
    "args": [
      "id",
    ],
    "destructive": false,
    "flags": [],
    "id": "payments trigger",
    "supportsDryRun": false,
  },
  {
    "args": [],
    "destructive": false,
    "flags": [],
    "id": "payments triggers",
    "supportsDryRun": false,
  },
  {
    "args": [],
    "destructive": false,
    "flags": [],
    "id": "profiles",
    "supportsDryRun": false,
  },
  {
    "args": [
      "[id]",
    ],
    "destructive": false,
    "flags": [],
    "id": "project",
    "supportsDryRun": false,
  },
  {
    "args": [],
    "destructive": true,
    "flags": [
      "yes:boolean",
      "dry-run:boolean",
    ],
    "id": "project admin-portal disable",
    "supportsDryRun": true,
  },
  {
    "args": [],
    "destructive": false,
    "flags": [
      "dry-run:boolean",
    ],
    "id": "project admin-portal enable",
    "supportsDryRun": true,
  },
  {
    "args": [
      "id",
    ],
    "destructive": false,
    "flags": [
      "dry-run:boolean",
    ],
    "id": "project admin-portal set-service-user",
    "supportsDryRun": true,
  },
  {
    "args": [
      "[url]",
    ],
    "destructive": false,
    "flags": [
      "dry-run:boolean",
      "clear:boolean",
    ],
    "id": "project admin-portal set-url",
    "supportsDryRun": true,
  },
  {
    "args": [],
    "destructive": false,
    "flags": [],
    "id": "project admin-portal structure",
    "supportsDryRun": false,
  },
  {
    "args": [],
    "destructive": false,
    "flags": [
      "dry-run:boolean",
      "name:string",
      "welcome:string",
      "system-prompt:string",
      "system-prompt-file:string",
      "toolset:string",
      "llm:string",
      "model:string",
      "memory:boolean",
      "rag-source:string",
      "default:boolean",
    ],
    "id": "project ai assistant create",
    "supportsDryRun": true,
  },
  {
    "args": [
      "id",
    ],
    "destructive": true,
    "flags": [
      "yes:boolean",
      "dry-run:boolean",
    ],
    "id": "project ai assistant delete",
    "supportsDryRun": true,
  },
  {
    "args": [
      "id",
    ],
    "destructive": false,
    "flags": [
      "dry-run:boolean",
      "name:string",
      "welcome:string",
      "system-prompt:string",
      "system-prompt-file:string",
      "toolset:string",
      "llm:string",
      "model:string",
      "memory:boolean",
      "rag-source:string",
      "default:boolean",
    ],
    "id": "project ai assistant update",
    "supportsDryRun": true,
  },
  {
    "args": [],
    "destructive": false,
    "flags": [],
    "id": "project ai settings",
    "supportsDryRun": false,
  },
  {
    "args": [],
    "destructive": false,
    "flags": [
      "dry-run:boolean",
      "enable:boolean",
      "disable:boolean",
      "llm:string",
      "model:string",
    ],
    "id": "project ai settings set",
    "supportsDryRun": true,
  },
  {
    "args": [],
    "destructive": false,
    "flags": [
      "top:string",
    ],
    "id": "project ai usage",
    "supportsDryRun": false,
  },
  {
    "args": [],
    "destructive": false,
    "flags": [],
    "id": "project cors",
    "supportsDryRun": false,
  },
  {
    "args": [
      "origin",
    ],
    "destructive": false,
    "flags": [
      "dry-run:boolean",
    ],
    "id": "project cors add",
    "supportsDryRun": true,
  },
  {
    "args": [
      "origin",
    ],
    "destructive": true,
    "flags": [
      "yes:boolean",
      "dry-run:boolean",
      "remove-admin-portal-origin:boolean",
    ],
    "id": "project cors remove",
    "supportsDryRun": true,
  },
  {
    "args": [
      "origin",
    ],
    "destructive": false,
    "flags": [
      "dry-run:boolean",
      "remove-admin-portal-origin:boolean",
    ],
    "id": "project cors set",
    "supportsDryRun": true,
  },
  {
    "args": [],
    "destructive": true,
    "flags": [
      "yes:boolean",
      "dry-run:boolean",
    ],
    "id": "project delete",
    "supportsDryRun": true,
  },
  {
    "args": [],
    "destructive": true,
    "flags": [
      "yes:boolean",
      "dry-run:boolean",
    ],
    "id": "project disable",
    "supportsDryRun": true,
  },
  {
    "args": [],
    "destructive": false,
    "flags": [
      "dry-run:boolean",
    ],
    "id": "project enable",
    "supportsDryRun": true,
  },
  {
    "args": [],
    "destructive": false,
    "flags": [
      "dry-run:boolean",
    ],
    "id": "project legal expose",
    "supportsDryRun": true,
  },
  {
    "args": [],
    "destructive": false,
    "flags": [
      "dry-run:boolean",
    ],
    "id": "project legal hide",
    "supportsDryRun": true,
  },
  {
    "args": [],
    "destructive": false,
    "flags": [
      "dry-run:boolean",
      "terms-file:string",
      "privacy-file:string",
      "clear-terms:boolean",
      "clear-privacy:boolean",
    ],
    "id": "project legal set",
    "supportsDryRun": true,
  },
  {
    "args": [
      "kind",
    ],
    "destructive": false,
    "flags": [],
    "id": "project legal show",
    "supportsDryRun": false,
  },
  {
    "args": [
      "[id]",
    ],
    "destructive": false,
    "flags": [],
    "id": "project public-config",
    "supportsDryRun": false,
  },
  {
    "args": [],
    "destructive": false,
    "flags": [
      "dry-run:boolean",
      "main:string",
      "accent:string",
    ],
    "id": "project set-colors",
    "supportsDryRun": true,
  },
  {
    "args": [
      "language",
    ],
    "destructive": false,
    "flags": [
      "dry-run:boolean",
    ],
    "id": "project set-default-language",
    "supportsDryRun": true,
  },
  {
    "args": [
      "[description]",
    ],
    "destructive": false,
    "flags": [
      "dry-run:boolean",
      "clear:boolean",
    ],
    "id": "project set-description",
    "supportsDryRun": true,
  },
  {
    "args": [],
    "destructive": false,
    "flags": [
      "dry-run:boolean",
      "file-resource:string",
      "clear:boolean",
    ],
    "id": "project set-icon",
    "supportsDryRun": true,
  },
  {
    "args": [
      "language",
    ],
    "destructive": false,
    "flags": [
      "dry-run:boolean",
    ],
    "id": "project set-languages",
    "supportsDryRun": true,
  },
  {
    "args": [],
    "destructive": false,
    "flags": [
      "dry-run:boolean",
      "file-resource:string",
      "clear:boolean",
    ],
    "id": "project set-logo",
    "supportsDryRun": true,
  },
  {
    "args": [
      "name",
    ],
    "destructive": false,
    "flags": [
      "dry-run:boolean",
    ],
    "id": "project set-name",
    "supportsDryRun": true,
  },
  {
    "args": [],
    "destructive": false,
    "flags": [
      "dry-run:boolean",
      "primary:string",
      "additional:string",
      "clear-additional:boolean",
    ],
    "id": "project set-regions",
    "supportsDryRun": true,
  },
  {
    "args": [
      "[url]",
    ],
    "destructive": false,
    "flags": [
      "dry-run:boolean",
      "clear:boolean",
    ],
    "id": "project set-url",
    "supportsDryRun": true,
  },
  {
    "args": [],
    "destructive": false,
    "flags": [
      "initiator:string",
      "recipient:string",
      "target-user:string",
    ],
    "id": "project tokens",
    "supportsDryRun": false,
  },
  {
    "args": [
      "id",
    ],
    "destructive": false,
    "flags": [
      "dry-run:boolean",
    ],
    "id": "push archive",
    "supportsDryRun": true,
  },
  {
    "args": [
      "id",
    ],
    "destructive": false,
    "flags": [
      "stats:boolean",
    ],
    "id": "push campaign",
    "supportsDryRun": false,
  },
  {
    "args": [
      "id",
      "batchId",
      "[notificationId]",
    ],
    "destructive": false,
    "flags": [
      "page-size:string",
      "after:string",
    ],
    "id": "push campaign batch",
    "supportsDryRun": false,
  },
  {
    "args": [
      "id",
    ],
    "destructive": false,
    "flags": [
      "page-size:string",
      "after:string",
    ],
    "id": "push campaign batches",
    "supportsDryRun": false,
  },
  {
    "args": [],
    "destructive": false,
    "flags": [
      "dry-run:boolean",
      "template:string",
      "audience:option",
      "user:string",
      "role:string",
      "tag:string",
      "schema:string",
      "field:string",
      "field-type:option",
      "device:string",
      "integration:string",
      "language:string",
      "initiator:string",
      "notes:string",
      "at:string",
      "token:string",
      "database-integration:string",
      "config:string",
    ],
    "id": "push campaign create",
    "supportsDryRun": true,
  },
  {
    "args": [
      "id",
    ],
    "destructive": true,
    "flags": [
      "yes:boolean",
      "dry-run:boolean",
    ],
    "id": "push campaign delete",
    "supportsDryRun": true,
  },
  {
    "args": [
      "id",
      "messageId",
    ],
    "destructive": false,
    "flags": [
      "batch:string",
    ],
    "id": "push campaign message",
    "supportsDryRun": false,
  },
  {
    "args": [
      "id",
    ],
    "destructive": false,
    "flags": [
      "batch:string",
      "page-size:string",
      "after:string",
    ],
    "id": "push campaign messages",
    "supportsDryRun": false,
  },
  {
    "args": [],
    "destructive": false,
    "flags": [
      "page-size:string",
      "after:string",
    ],
    "id": "push campaigns",
    "supportsDryRun": false,
  },
  {
    "args": [
      "id",
    ],
    "destructive": false,
    "flags": [
      "dry-run:boolean",
    ],
    "id": "push clone",
    "supportsDryRun": true,
  },
  {
    "args": [
      "id",
    ],
    "destructive": true,
    "flags": [
      "yes:boolean",
      "dry-run:boolean",
    ],
    "id": "push delete",
    "supportsDryRun": true,
  },
  {
    "args": [
      "id",
    ],
    "destructive": false,
    "flags": [],
    "id": "push device",
    "supportsDryRun": false,
  },
  {
    "args": [],
    "destructive": false,
    "flags": [
      "dry-run:boolean",
      "user:string",
      "token:string",
      "os:string",
      "device-id:string",
      "model:string",
      "name:string",
    ],
    "id": "push device register",
    "supportsDryRun": true,
  },
  {
    "args": [],
    "destructive": false,
    "flags": [
      "user:string",
      "token:string",
      "platform:option",
    ],
    "id": "push devices",
    "supportsDryRun": false,
  },
  {
    "args": [],
    "destructive": true,
    "flags": [
      "yes:boolean",
      "dry-run:boolean",
    ],
    "id": "push disable",
    "supportsDryRun": true,
  },
  {
    "args": [],
    "destructive": false,
    "flags": [],
    "id": "push disable-dependencies",
    "supportsDryRun": false,
  },
  {
    "args": [],
    "destructive": false,
    "flags": [
      "dry-run:boolean",
    ],
    "id": "push enable",
    "supportsDryRun": true,
  },
  {
    "args": [
      "id",
    ],
    "destructive": false,
    "flags": [],
    "id": "push integration",
    "supportsDryRun": false,
  },
  {
    "args": [
      "id",
    ],
    "destructive": false,
    "flags": [
      "dry-run:boolean",
    ],
    "id": "push integration confirm-delivery",
    "supportsDryRun": true,
  },
  {
    "args": [
      "id",
    ],
    "destructive": false,
    "flags": [
      "dry-run:boolean",
    ],
    "id": "push integration default",
    "supportsDryRun": true,
  },
  {
    "args": [
      "id",
    ],
    "destructive": true,
    "flags": [
      "yes:boolean",
      "dry-run:boolean",
    ],
    "id": "push integration delete",
    "supportsDryRun": true,
  },
  {
    "args": [
      "id",
    ],
    "destructive": true,
    "flags": [
      "yes:boolean",
      "dry-run:boolean",
    ],
    "id": "push integration disable",
    "supportsDryRun": true,
  },
  {
    "args": [
      "id",
    ],
    "destructive": false,
    "flags": [
      "dry-run:boolean",
    ],
    "id": "push integration enable",
    "supportsDryRun": true,
  },
  {
    "args": [],
    "destructive": false,
    "flags": [
      "dry-run:boolean",
      "provider:option",
      "name:string",
      "id:string",
      "disabled:boolean",
      "config:string",
    ],
    "id": "push integration save",
    "supportsDryRun": true,
  },
  {
    "args": [],
    "destructive": false,
    "flags": [
      "dry-run:boolean",
      "integration:string",
      "token:string",
      "family:option",
    ],
    "id": "push integration test",
    "supportsDryRun": true,
  },
  {
    "args": [],
    "destructive": false,
    "flags": [
      "page-size:string",
      "after:string",
    ],
    "id": "push integrations",
    "supportsDryRun": false,
  },
  {
    "args": [
      "[hash]",
    ],
    "destructive": false,
    "flags": [
      "hash:string",
    ],
    "id": "push preview",
    "supportsDryRun": false,
  },
  {
    "args": [],
    "destructive": false,
    "flags": [
      "id:string",
    ],
    "id": "push settings",
    "supportsDryRun": false,
  },
  {
    "args": [
      "id",
    ],
    "destructive": true,
    "flags": [
      "yes:boolean",
      "dry-run:boolean",
    ],
    "id": "push stop",
    "supportsDryRun": true,
  },
  {
    "args": [
      "id",
    ],
    "destructive": false,
    "flags": [],
    "id": "push template",
    "supportsDryRun": false,
  },
  {
    "args": [],
    "destructive": false,
    "flags": [
      "dry-run:boolean",
      "name:string",
      "description:string",
      "channel:option",
      "tag:string",
      "language:string",
      "title:string",
      "body:string",
      "translations:string",
    ],
    "id": "push template create",
    "supportsDryRun": true,
  },
  {
    "args": [],
    "destructive": false,
    "flags": [
      "code:string",
      "token:string",
      "preview:boolean",
    ],
    "id": "push template render",
    "supportsDryRun": false,
  },
  {
    "args": [
      "id",
    ],
    "destructive": false,
    "flags": [],
    "id": "push template tokens",
    "supportsDryRun": false,
  },
  {
    "args": [
      "id",
    ],
    "destructive": false,
    "flags": [
      "dry-run:boolean",
      "name:string",
      "description:string",
      "channel:option",
      "tag:string",
      "language:string",
      "title:string",
      "body:string",
      "translations:string",
    ],
    "id": "push template update",
    "supportsDryRun": true,
  },
  {
    "args": [],
    "destructive": false,
    "flags": [
      "archived:boolean",
    ],
    "id": "push templates",
    "supportsDryRun": false,
  },
  {
    "args": [
      "id",
    ],
    "destructive": false,
    "flags": [
      "dry-run:boolean",
    ],
    "id": "push unarchive",
    "supportsDryRun": true,
  },
  {
    "args": [
      "path",
    ],
    "destructive": false,
    "flags": [
      "dry-run:boolean",
      "api:boolean",
      "method:option",
      "body:string",
      "query:string",
    ],
    "id": "raw",
    "supportsDryRun": true,
  },
  {
    "args": [
      "id",
    ],
    "destructive": true,
    "flags": [
      "yes:boolean",
      "dry-run:boolean",
    ],
    "id": "scheduler delete",
    "supportsDryRun": true,
  },
  {
    "args": [
      "id",
    ],
    "destructive": true,
    "flags": [
      "yes:boolean",
      "dry-run:boolean",
    ],
    "id": "scheduler disable",
    "supportsDryRun": true,
  },
  {
    "args": [
      "id",
    ],
    "destructive": true,
    "flags": [
      "yes:boolean",
      "dry-run:boolean",
    ],
    "id": "scheduler enable",
    "supportsDryRun": true,
  },
  {
    "args": [
      "id",
    ],
    "destructive": false,
    "flags": [],
    "id": "scheduler get",
    "supportsDryRun": false,
  },
  {
    "args": [],
    "destructive": false,
    "flags": [
      "type:option",
      "enabled:boolean",
      "page-size:string",
      "after:string",
    ],
    "id": "scheduler list",
    "supportsDryRun": false,
  },
  {
    "args": [],
    "destructive": true,
    "flags": [
      "yes:boolean",
      "dry-run:boolean",
      "id:string",
      "name:string",
      "description:string",
      "cron:string",
      "initiator:string",
      "enabled:boolean",
      "stop-on-error:boolean",
      "template:string",
      "audience:option",
      "user:string",
      "email:string",
      "cc:string",
      "bcc:string",
      "one-each:boolean",
      "role:string",
      "tag:string",
      "schema:string",
      "field:string",
      "field-type:option",
      "integration:string",
      "validation-integration:string",
      "language:string",
      "on-behalf-of:string",
      "notes:string",
      "token:string",
      "database-integration:string",
      "config:string",
    ],
    "id": "scheduler save",
    "supportsDryRun": true,
  },
  {
    "args": [
      "[command]",
    ],
    "destructive": false,
    "flags": [],
    "id": "schema",
    "supportsDryRun": false,
  },
  {
    "args": [
      "id",
    ],
    "destructive": false,
    "flags": [
      "dry-run:boolean",
    ],
    "id": "sms archive",
    "supportsDryRun": true,
  },
  {
    "args": [
      "id",
    ],
    "destructive": false,
    "flags": [
      "stats:boolean",
    ],
    "id": "sms campaign",
    "supportsDryRun": false,
  },
  {
    "args": [
      "id",
      "batchId",
      "[notificationId]",
    ],
    "destructive": false,
    "flags": [
      "page-size:string",
      "after:string",
    ],
    "id": "sms campaign batch",
    "supportsDryRun": false,
  },
  {
    "args": [
      "id",
    ],
    "destructive": false,
    "flags": [
      "page-size:string",
      "after:string",
    ],
    "id": "sms campaign batches",
    "supportsDryRun": false,
  },
  {
    "args": [],
    "destructive": false,
    "flags": [
      "dry-run:boolean",
      "template:string",
      "audience:option",
      "user:string",
      "role:string",
      "tag:string",
      "schema:string",
      "field:string",
      "field-type:option",
      "phone:string",
      "integration:string",
      "language:string",
      "initiator:string",
      "at:string",
      "respect-time-zone:option",
      "token:string",
      "database-integration:string",
      "config:string",
    ],
    "id": "sms campaign create",
    "supportsDryRun": true,
  },
  {
    "args": [
      "id",
    ],
    "destructive": true,
    "flags": [
      "yes:boolean",
      "dry-run:boolean",
    ],
    "id": "sms campaign delete",
    "supportsDryRun": true,
  },
  {
    "args": [
      "id",
      "messageId",
    ],
    "destructive": false,
    "flags": [
      "batch:string",
    ],
    "id": "sms campaign message",
    "supportsDryRun": false,
  },
  {
    "args": [
      "id",
    ],
    "destructive": false,
    "flags": [
      "batch:string",
      "page-size:string",
      "after:string",
    ],
    "id": "sms campaign messages",
    "supportsDryRun": false,
  },
  {
    "args": [],
    "destructive": false,
    "flags": [
      "campaign-id:string",
      "template:string",
      "from:string",
      "to:string",
      "page-size:string",
      "after:string",
    ],
    "id": "sms campaigns",
    "supportsDryRun": false,
  },
  {
    "args": [
      "id",
    ],
    "destructive": false,
    "flags": [
      "dry-run:boolean",
    ],
    "id": "sms clone",
    "supportsDryRun": true,
  },
  {
    "args": [
      "id",
    ],
    "destructive": true,
    "flags": [
      "yes:boolean",
      "dry-run:boolean",
    ],
    "id": "sms delete",
    "supportsDryRun": true,
  },
  {
    "args": [],
    "destructive": true,
    "flags": [
      "yes:boolean",
      "dry-run:boolean",
    ],
    "id": "sms disable",
    "supportsDryRun": true,
  },
  {
    "args": [],
    "destructive": false,
    "flags": [],
    "id": "sms disable-dependencies",
    "supportsDryRun": false,
  },
  {
    "args": [],
    "destructive": false,
    "flags": [
      "dry-run:boolean",
    ],
    "id": "sms enable",
    "supportsDryRun": true,
  },
  {
    "args": [
      "id",
    ],
    "destructive": false,
    "flags": [],
    "id": "sms integration",
    "supportsDryRun": false,
  },
  {
    "args": [
      "id",
    ],
    "destructive": false,
    "flags": [
      "dry-run:boolean",
    ],
    "id": "sms integration confirm-delivery",
    "supportsDryRun": true,
  },
  {
    "args": [
      "id",
    ],
    "destructive": false,
    "flags": [
      "dry-run:boolean",
    ],
    "id": "sms integration default",
    "supportsDryRun": true,
  },
  {
    "args": [
      "id",
    ],
    "destructive": true,
    "flags": [
      "yes:boolean",
      "dry-run:boolean",
    ],
    "id": "sms integration delete",
    "supportsDryRun": true,
  },
  {
    "args": [
      "id",
    ],
    "destructive": true,
    "flags": [
      "yes:boolean",
      "dry-run:boolean",
    ],
    "id": "sms integration disable",
    "supportsDryRun": true,
  },
  {
    "args": [
      "id",
    ],
    "destructive": false,
    "flags": [
      "dry-run:boolean",
    ],
    "id": "sms integration enable",
    "supportsDryRun": true,
  },
  {
    "args": [],
    "destructive": false,
    "flags": [
      "dry-run:boolean",
      "provider:option",
      "name:string",
      "id:string",
      "disabled:boolean",
      "config:string",
    ],
    "id": "sms integration save",
    "supportsDryRun": true,
  },
  {
    "args": [],
    "destructive": false,
    "flags": [
      "dry-run:boolean",
      "integration:string",
      "to:string",
    ],
    "id": "sms integration test",
    "supportsDryRun": true,
  },
  {
    "args": [],
    "destructive": false,
    "flags": [
      "page-size:string",
      "after:string",
    ],
    "id": "sms integrations",
    "supportsDryRun": false,
  },
  {
    "args": [
      "[hash]",
    ],
    "destructive": false,
    "flags": [
      "hash:string",
    ],
    "id": "sms preview",
    "supportsDryRun": false,
  },
  {
    "args": [],
    "destructive": false,
    "flags": [
      "id:string",
    ],
    "id": "sms settings",
    "supportsDryRun": false,
  },
  {
    "args": [
      "id",
    ],
    "destructive": true,
    "flags": [
      "yes:boolean",
      "dry-run:boolean",
    ],
    "id": "sms stop",
    "supportsDryRun": true,
  },
  {
    "args": [
      "id",
    ],
    "destructive": false,
    "flags": [],
    "id": "sms template",
    "supportsDryRun": false,
  },
  {
    "args": [],
    "destructive": false,
    "flags": [
      "dry-run:boolean",
      "name:string",
      "description:string",
      "channel:option",
      "tag:string",
      "language:string",
      "body:string",
      "translations:string",
    ],
    "id": "sms template create",
    "supportsDryRun": true,
  },
  {
    "args": [],
    "destructive": false,
    "flags": [
      "code:string",
      "token:string",
      "preview:boolean",
    ],
    "id": "sms template render",
    "supportsDryRun": false,
  },
  {
    "args": [
      "id",
    ],
    "destructive": false,
    "flags": [],
    "id": "sms template tokens",
    "supportsDryRun": false,
  },
  {
    "args": [
      "id",
    ],
    "destructive": false,
    "flags": [
      "dry-run:boolean",
      "name:string",
      "description:string",
      "channel:option",
      "tag:string",
      "language:string",
      "body:string",
      "translations:string",
    ],
    "id": "sms template update",
    "supportsDryRun": true,
  },
  {
    "args": [],
    "destructive": false,
    "flags": [
      "archived:boolean",
    ],
    "id": "sms templates",
    "supportsDryRun": false,
  },
  {
    "args": [
      "id",
    ],
    "destructive": false,
    "flags": [
      "dry-run:boolean",
    ],
    "id": "sms unarchive",
    "supportsDryRun": true,
  },
  {
    "args": [
      "id",
    ],
    "destructive": true,
    "flags": [
      "yes:boolean",
      "dry-run:boolean",
    ],
    "id": "users block",
    "supportsDryRun": true,
  },
  {
    "args": [
      "id",
    ],
    "destructive": true,
    "flags": [
      "yes:boolean",
      "dry-run:boolean",
    ],
    "id": "users delete",
    "supportsDryRun": true,
  },
  {
    "args": [
      "id",
    ],
    "destructive": false,
    "flags": [],
    "id": "users get",
    "supportsDryRun": false,
  },
  {
    "args": [
      "email",
    ],
    "destructive": false,
    "flags": [
      "dry-run:boolean",
    ],
    "id": "users invite",
    "supportsDryRun": true,
  },
  {
    "args": [],
    "destructive": false,
    "flags": [
      "role:string",
      "permissions:boolean",
      "page-size:string",
      "after:string",
    ],
    "id": "users list",
    "supportsDryRun": false,
  },
  {
    "args": [],
    "destructive": false,
    "flags": [],
    "id": "users policies",
    "supportsDryRun": false,
  },
  {
    "args": [],
    "destructive": false,
    "flags": [],
    "id": "users roles",
    "supportsDryRun": false,
  },
  {
    "args": [
      "id",
    ],
    "destructive": false,
    "flags": [
      "dry-run:boolean",
    ],
    "id": "users unblock",
    "supportsDryRun": true,
  },
  {
    "args": [
      "destinationId",
    ],
    "destructive": true,
    "flags": [
      "yes:boolean",
      "dry-run:boolean",
    ],
    "id": "webhooks disable",
    "supportsDryRun": true,
  },
  {
    "args": [
      "destinationId",
    ],
    "destructive": false,
    "flags": [
      "dry-run:boolean",
    ],
    "id": "webhooks enable",
    "supportsDryRun": true,
  },
  {
    "args": [
      "destinationId",
    ],
    "destructive": true,
    "flags": [
      "yes:boolean",
      "dry-run:boolean",
    ],
    "id": "webhooks remove",
    "supportsDryRun": true,
  },
  {
    "args": [],
    "destructive": true,
    "flags": [
      "rotate:boolean",
      "yes:boolean",
      "dry-run:boolean",
    ],
    "id": "webhooks secret",
    "supportsDryRun": true,
  },
  {
    "args": [],
    "destructive": false,
    "flags": [],
    "id": "webhooks show",
    "supportsDryRun": false,
  },
  {
    "args": [],
    "destructive": false,
    "flags": [],
    "id": "whoami",
    "supportsDryRun": false,
  },
]
`;
